Category: 央视频道, Name: CCTV-1, Total: 8, Valid: 6, Valid Percent: 75.00%, Whitelist: 0, IPv4: 8, IPv6: 0, Min Delay: 10040 ms, Max Speed: 1.03 M/s, Avg Speed: 0.33 M/s, Max Resolution: 1920x1080
Category: 央视频道, Name: CCTV-2, Total: 11, Valid: 8, Valid Percent: 72.73%, Whitelist: 0, IPv4: 11, IPv6: 0, Min Delay: 472 ms, Max Speed: 10.73 M/s, Avg Speed: 2.08 M/s, Max Resolution: 1920x1080
Category: 央视频道, Name: CCTV-4, Total: 12, Valid: 11, Valid Percent: 91.67%, Whitelist: 0, IPv4: 12, IPv6: 0, Min Delay: 341 ms, Max Speed: 3.50 M/s, Avg Speed: 0.84 M/s, Max Resolution: 1920x1080
Category: 央视频道, Name: CCTV-3, Total: 17, Valid: 15, Valid Percent: 88.24%, Whitelist: 0, IPv4: 17, IPv6: 0, Min Delay: 610 ms, Max Speed: 10.24 M/s, Avg Speed: 1.40 M/s, Max Resolution: 1920x1080
Category: 央视频道, Name: CCTV-5, Total: 16, Valid: 16, Valid Percent: 100.00%, Whitelist: 0, IPv4: 16, IPv6: 0, Min Delay: 358 ms, Max Speed: 10.54 M/s, Avg Speed: 1.06 M/s, Max Resolution: 1920x1080
Category: 央视频道, Name: CCTV-5+, Total: 4, Valid: 4, Valid Percent: 100.00%, Whitelist: 0, IPv4: 4, IPv6: 0, Min Delay: 450 ms, Max Speed: 0.64 M/s, Avg Speed: 0.26 M/s, Max Resolution: 1920x1080
Category: 央视频道, Name: CCTV-6, Total: 13, Valid: 11, Valid Percent: 84.62%, Whitelist: 0, IPv4: 13, IPv6: 0, Min Delay: 517 ms, Max Speed: 11.13 M/s, Avg Speed: 1.26 M/s, Max Resolution: 1920x1080
Category: 央视频道, Name: CCTV-7, Total: 12, Valid: 10, Valid Percent: 83.33%, Whitelist: 0, IPv4: 12, IPv6: 0, Min Delay: 218 ms, Max Speed: 9.07 M/s, Avg Speed: 1.61 M/s, Max Resolution: 1920x1080
Category: 央视频道, Name: CCTV-8, Total: 16, Valid: 14, Valid Percent: 87.50%, Whitelist: 0, IPv4: 16, IPv6: 0, Min Delay: 580 ms, Max Speed: 1.46 M/s, Avg Speed: 0.34 M/s, Max Resolution: 1920x1080
Category: 央视频道, Name: CCTV-9, Total: 13, Valid: 11, Valid Percent: 84.62%, Whitelist: 0, IPv4: 13, IPv6: 0, Min Delay: 433 ms, Max Speed: 11.11 M/s, Avg Speed: 2.29 M/s, Max Resolution: 1920x1080
Category: 央视频道, Name: CCTV-10, Total: 16, Valid: 13, Valid Percent: 81.25%, Whitelist: 0, IPv4: 16, IPv6: 0, Min Delay: 388 ms, Max Speed: 10.04 M/s, Avg Speed: 1.20 M/s, Max Resolution: 1920x1080
Category: 央视频道, Name: CCTV-11, Total: 16, Valid: 14, Valid Percent: 87.50%, Whitelist: 0, IPv4: 16, IPv6: 0, Min Delay: 380 ms, Max Speed: 1.32 M/s, Avg Speed: 0.46 M/s, Max Resolution: 1920x1080
Category: 央视频道, Name: CCTV-12, Total: 15, Valid: 13, Valid Percent: 86.67%, Whitelist: 0, IPv4: 15, IPv6: 0, Min Delay: 427 ms, Max Speed: 10.28 M/s, Avg Speed: 1.27 M/s, Max Resolution: 1920x1080
Category: 央视频道, Name: CCTV-13, Total: 17, Valid: 15, Valid Percent: 88.24%, Whitelist: 0, IPv4: 16, IPv6: 1, Min Delay: 403 ms, Max Speed: 10.48 M/s, Avg Speed: 1.15 M/s, Max Resolution: 1920x1080
Category: 央视频道, Name: CCTV-14, Total: 14, Valid: 12, Valid Percent: 85.71%, Whitelist: 0, IPv4: 13, IPv6: 1, Min Delay: 589 ms, Max Speed: 1.45 M/s, Avg Speed: 0.56 M/s, Max Resolution: 1920x1080
Category: 央视频道, Name: CCTV-15, Total: 11, Valid: 9, Valid Percent: 81.82%, Whitelist: 0, IPv4: 11, IPv6: 0, Min Delay: 380 ms, Max Speed: 5.42 M/s, Avg Speed: 1.01 M/s, Max Resolution: 1920x1080
Category: 央视频道, Name: CCTV-16, Total: 4, Valid: 4, Valid Percent: 100.00%, Whitelist: 0, IPv4: 4, IPv6: 0, Min Delay: 10036 ms, Max Speed: 0.48 M/s, Avg Speed: 0.39 M/s, Max Resolution: 1920x1080
Category: 央视频道, Name: CCTV-17, Total: 10, Valid: 8, Valid Percent: 80.00%, Whitelist: 0, IPv4: 10, IPv6: 0, Min Delay: 398 ms, Max Speed: 2.68 M/s, Avg Speed: 0.59 M/s, Max Resolution: 1920x1080
Category: 卫视频道, Name: 北京卫视, Total: 9, Valid: 7, Valid Percent: 77.78%, Whitelist: 0, IPv4: 9, IPv6: 0, Min Delay: 83 ms, Max Speed: 9.21 M/s, Avg Speed: 2.18 M/s, Max Resolution: 1920x1080
Category: 卫视频道, Name: 天津卫视, Total: 8, Valid: 8, Valid Percent: 100.00%, Whitelist: 0, IPv4: 8, IPv6: 0, Min Delay: 220 ms, Max Speed: 3.71 M/s, Avg Speed: 1.48 M/s, Max Resolution: 1920x1080
Category: 卫视频道, Name: 辽宁卫视, Total: 9, Valid: 7, Valid Percent: 77.78%, Whitelist: 0, IPv4: 9, IPv6: 0, Min Delay: 497 ms, Max Speed: 0.51 M/s, Avg Speed: 0.15 M/s, Max Resolution: 1920x1080
Category: 卫视频道, Name: 东方卫视, Total: 12, Valid: 10, Valid Percent: 83.33%, Whitelist: 0, IPv4: 12, IPv6: 0, Min Delay: 342 ms, Max Speed: 11.26 M/s, Avg Speed: 1.44 M/s, Max Resolution: 1920x1080
Category: 卫视频道, Name: 湖南卫视, Total: 15, Valid: 15, Valid Percent: 100.00%, Whitelist: 0, IPv4: 15, IPv6: 0, Min Delay: 78 ms, Max Speed: 6.62 M/s, Avg Speed: 1.48 M/s, Max Resolution: 3840x2160
Category: 卫视频道, Name: 浙江卫视, Total: 3, Valid: 3, Valid Percent: 100.00%, Whitelist: 0, IPv4: 3, IPv6: 0, Min Delay: 375 ms, Max Speed: 12.06 M/s, Avg Speed: 4.19 M/s, Max Resolution: 1920x1080
Category: 卫视频道, Name: 江苏卫视, Total: 14, Valid: 12, Valid Percent: 85.71%, Whitelist: 0, IPv4: 14, IPv6: 0, Min Delay: 340 ms, Max Speed: 13.49 M/s, Avg Speed: 3.27 M/s, Max Resolution: 1920x1080
Category: 卫视频道, Name: 广东卫视, Total: 10, Valid: 8, Valid Percent: 80.00%, Whitelist: 0, IPv4: 10, IPv6: 0, Min Delay: 498 ms, Max Speed: 9.25 M/s, Avg Speed: 1.38 M/s, Max Resolution: 1920x1080
Category: 卫视频道, Name: 深圳卫视, Total: 8, Valid: 8, Valid Percent: 100.00%, Whitelist: 0, IPv4: 8, IPv6: 0, Min Delay: 1940 ms, Max Speed: 1.07 M/s, Avg Speed: 0.28 M/s, Max Resolution: 1920x1080
Category: 卫视频道, Name: 山东卫视, Total: 8, Valid: 8, Valid Percent: 100.00%, Whitelist: 0, IPv4: 8, IPv6: 0, Min Delay: 9859 ms, Max Speed: 0.84 M/s, Avg Speed: 0.28 M/s, Max Resolution: 1920x1080
Category: 卫视频道, Name: 安徽卫视, Total: 10, Valid: 10, Valid Percent: 100.00%, Whitelist: 0, IPv4: 10, IPv6: 0, Min Delay: 468 ms, Max Speed: 9.98 M/s, Avg Speed: 1.27 M/s, Max Resolution: 1920x1080
Category: 卫视频道, Name: 黑龙江卫视, Total: 11, Valid: 10, Valid Percent: 90.91%, Whitelist: 0, IPv4: 11, IPv6: 0, Min Delay: 402 ms, Max Speed: 12.65 M/s, Avg Speed: 1.51 M/s, Max Resolution: 1920x1080
Category: 卫视频道, Name: 吉林卫视, Total: 13, Valid: 10, Valid Percent: 76.92%, Whitelist: 0, IPv4: 13, IPv6: 0, Min Delay: 391 ms, Max Speed: 11.51 M/s, Avg Speed: 1.34 M/s, Max Resolution: 1920x1080
Category: 卫视频道, Name: 江西卫视, Total: 11, Valid: 9, Valid Percent: 81.82%, Whitelist: 0, IPv4: 11, IPv6: 0, Min Delay: 473 ms, Max Speed: 8.76 M/s, Avg Speed: 2.61 M/s, Max Resolution: 1920x1080
Category: 卫视频道, Name: 四川卫视, Total: 8, Valid: 8, Valid Percent: 100.00%, Whitelist: 0, IPv4: 8, IPv6: 0, Min Delay: 546 ms, Max Speed: 8.82 M/s, Avg Speed: 2.24 M/s, Max Resolution: 1920x1080
Category: 卫视频道, Name: 贵州卫视, Total: 9, Valid: 9, Valid Percent: 100.00%, Whitelist: 0, IPv4: 9, IPv6: 0, Min Delay: 379 ms, Max Speed: 0.41 M/s, Avg Speed: 0.16 M/s, Max Resolution: 1920x1080
Category: 卫视频道, Name: 湖北卫视, Total: 13, Valid: 11, Valid Percent: 84.62%, Whitelist: 0, IPv4: 13, IPv6: 0, Min Delay: 388 ms, Max Speed: 0.98 M/s, Avg Speed: 0.34 M/s, Max Resolution: 1920x1080
Category: 卫视频道, Name: 重庆卫视, Total: 13, Valid: 11, Valid Percent: 84.62%, Whitelist: 0, IPv4: 13, IPv6: 0, Min Delay: 363 ms, Max Speed: 11.22 M/s, Avg Speed: 2.16 M/s, Max Resolution: 1920x1080
Category: 卫视频道, Name: 广西卫视, Total: 10, Valid: 9, Valid Percent: 90.00%, Whitelist: 0, IPv4: 9, IPv6: 1, Min Delay: 221 ms, Max Speed: 9.49 M/s, Avg Speed: 2.02 M/s, Max Resolution: 1920x1080
Category: 卫视频道, Name: 河北卫视, Total: 13, Valid: 11, Valid Percent: 84.62%, Whitelist: 0, IPv4: 13, IPv6: 0, Min Delay: 240 ms, Max Speed: 11.89 M/s, Avg Speed: 1.64 M/s, Max Resolution: 1920x1080
Category: 卫视频道, Name: 东南卫视, Total: 14, Valid: 12, Valid Percent: 85.71%, Whitelist: 0, IPv4: 13, IPv6: 1, Min Delay: 364 ms, Max Speed: 12.94 M/s, Avg Speed: 1.37 M/s, Max Resolution: 1920x1080
Category: 卫视频道, Name: 河南卫视, Total: 8, Valid: 6, Valid Percent: 75.00%, Whitelist: 0, IPv4: 8, IPv6: 0, Min Delay: 188 ms, Max Speed: 2.74 M/s, Avg Speed: 0.79 M/s, Max Resolution: 1920x1080
Category: 卫视频道, Name: 山西卫视, Total: 2, Valid: 2, Valid Percent: 100.00%, Whitelist: 0, IPv4: 2, IPv6: 0, Min Delay: 3127 ms, Max Speed: 0.48 M/s, Avg Speed: 0.44 M/s, Max Resolution: 1920x1080
Category: 卫视频道, Name: 陕西卫视, Total: 5, Valid: 3, Valid Percent: 60.00%, Whitelist: 0, IPv4: 5, IPv6: 0, Min Delay: 531 ms, Max Speed: 8.56 M/s, Avg Speed: 3.09 M/s, Max Resolution: 1920x1080
Category: 卫视频道, Name: 内蒙古卫视, Total: 3, Valid: 3, Valid Percent: 100.00%, Whitelist: 0, IPv4: 3, IPv6: 0, Min Delay: 1549 ms, Max Speed: 0.92 M/s, Avg Speed: 0.56 M/s, Max Resolution: 1920x1080
Category: 卫视频道, Name: 宁夏卫视, Total: 6, Valid: 4, Valid Percent: 66.67%, Whitelist: 0, IPv4: 6, IPv6: 0, Min Delay: 357 ms, Max Speed: 13.53 M/s, Avg Speed: 3.44 M/s, Max Resolution: 1920x1080
Category: 卫视频道, Name: 三沙卫视, Total: 4, Valid: 2, Valid Percent: 50.00%, Whitelist: 0, IPv4: 4, IPv6: 0, Min Delay: 358 ms, Max Speed: 10.10 M/s, Avg Speed: 5.71 M/s, Max Resolution: 1920x1080
Category: 卫视频道, Name: 甘肃卫视, Total: 4, Valid: 4, Valid Percent: 100.00%, Whitelist: 0, IPv4: 4, IPv6: 0, Min Delay: 298 ms, Max Speed: 10.85 M/s, Avg Speed: 3.18 M/s, Max Resolution: 1920x1080
Category: 卫视频道, Name: 青海卫视, Total: 7, Valid: 5, Valid Percent: 71.43%, Whitelist: 0, IPv4: 6, IPv6: 1, Min Delay: 231 ms, Max Speed: 9.91 M/s, Avg Speed: 2.98 M/s, Max Resolution: 1920x1080
Category: 卫视频道, Name: 云南卫视, Total: 3, Valid: 3, Valid Percent: 100.00%, Whitelist: 0, IPv4: 3, IPv6: 0, Min Delay: 9385 ms, Max Speed: 0.47 M/s, Avg Speed: 0.20 M/s, Max Resolution: 1920x1080
Category: 卫视频道, Name: 海南卫视, Total: 3, Valid: 1, Valid Percent: 33.33%, Whitelist: 0, IPv4: 3, IPv6: 0, Min Delay: 4259 ms, Max Speed: 0.03 M/s, Avg Speed: 0.03 M/s, Max Resolution: None
Category: 卫视频道, Name: 新疆卫视, Total: 2, Valid: 2, Valid Percent: 100.00%, Whitelist: 0, IPv4: 2, IPv6: 0, Min Delay: 3924 ms, Max Speed: 0.21 M/s, Avg Speed: 0.14 M/s, Max Resolution: 1920x1080
Category: 卫视频道, Name: 西藏卫视, Total: 3, Valid: 3, Valid Percent: 100.00%, Whitelist: 0, IPv4: 3, IPv6: 0, Min Delay: 241 ms, Max Speed: 9.50 M/s, Avg Speed: 4.28 M/s, Max Resolution: 1920x1080
